C51 COMPILER V9.57.0.0   CLOCK                                                             03/19/2020 22:13:37 PAGE 1   


C51 COMPILER V9.57.0.0, COMPILATION OF MODULE CLOCK
OBJECT MODULE PLACED IN .\Objects\clock.obj
COMPILER INVOKED BY: C:\Keil_v5\C51\BIN\C51.EXE clock.c OPTIMIZE(8,SPEED) BROWSE DEBUG OBJECTEXTEND PRINT(.\Listings\clo
                    -ck.lst) OBJECT(.\Objects\clock.obj)

line level    source

   1          #include <STC12C5A60S2.H>
   2          extern char Interface;
   3          char Time[3]={23,59,29};
   4          char Alarm[3]={23,59,40};
   5          char TimeDisplay[9]={0};
   6          unsigned int i = 0;
   7          extern bit BuzzerOn;
   8          extern void LCDShowStr(unsigned char x,unsigned char y,char *str);
   9          extern void LCDWriteCmd(unsigned char cmd);
  10          extern void RingOn();
  11          void ClockInit()//10ms@32MHz
  12          {               
  13   1              TMOD &= 0xF0;           
  14   1              TMOD |= 0x01;           
  15   1              TL0 = 0xD5;             
  16   1              TH0 = 0x97;             
  17   1              TF0 = 0;                
  18   1              TR0 = 1;                
  19   1              ET0 = 1;
  20   1      }
  21          
  22          void CharToString(char Arra[])
  23          {
  24   1              TimeDisplay[0] = Arra[0]/10+'0';
  25   1              TimeDisplay[1] = Arra[0]%10+'0';
  26   1              TimeDisplay[2] = '-';
  27   1              TimeDisplay[3] = Arra[1]/10+'0';
  28   1              TimeDisplay[4] = Arra[1]%10+'0';
  29   1              TimeDisplay[5] = '-';
  30   1              TimeDisplay[6] = Arra[2]/10+'0';
  31   1              TimeDisplay[7] = Arra[2]%10+'0';
  32   1              TimeDisplay[8] = '\0';
  33   1      }
  34          
  35          void DisplayInterfaceA()
  36          {
  37   1              LCDWriteCmd(0x01); 
  38   1              LCDShowStr(0,0,"A");
  39   1              CharToString(Time);
  40   1              LCDShowStr(0,1,TimeDisplay);
  41   1      }
  42          
  43          
  44          void DisplayInterfaceB()
  45          {
  46   1              LCDWriteCmd(0x01); 
  47   1              LCDShowStr(0,0,"B");
  48   1              CharToString(Alarm);
  49   1              LCDShowStr(0,1,TimeDisplay);
  50   1      }
  51          
  52          
  53          void Timer0Interrupt() interrupt 1
  54          {
C51 COMPILER V9.57.0.0   CLOCK                                                             03/19/2020 22:13:37 PAGE 2   

  55   1              i++;
  56   1              TL0 = 0xD5;
  57   1              TH0 = 0x97;     
  58   1              TR0 = 1;
  59   1              if(i == 100)
  60   1              {
  61   2                      Time[2]++;
  62   2                      i = 0;
  63   2                      if(Time[2] == 60)
  64   2                      {
  65   3                              Time[1]++;
  66   3                              Time[2] = 0;
  67   3                              if(Time[1] = 60)
*** WARNING C276 IN LINE 67 OF clock.c: constant in condition expression
  68   3                              {
  69   4                                      Time[0]++;
  70   4                                      Time[1] = 0;
  71   4                                      if(Time[0] == 24)
  72   4                                      {
  73   5                                              Time[0] = 0;
  74   5                                      }
  75   4                              }
  76   3                      }
  77   2              }
  78   1              if(Time[0]==Alarm[0] && Time[1]==Alarm[1]&&Time[2]==Alarm[2])
  79   1              {
  80   2                      BuzzerOn = 1;
  81   2              }
  82   1              if(i == 10&&Interface == 'A')
  83   1              {
  84   2                      DisplayInterfaceA();
  85   2              }
  86   1              if(i == 10&&Interface == 'B')
  87   1              {
  88   2                      DisplayInterfaceB();
  89   2              }
  90   1      }


MODULE INFORMATION:   STATIC OVERLAYABLE
   CODE SIZE        =    358    ----
   CONSTANT SIZE    =      4    ----
   XDATA SIZE       =   ----    ----
   PDATA SIZE       =   ----    ----
   DATA SIZE        =     17    ----
   IDATA SIZE       =   ----    ----
   BIT SIZE         =   ----    ----
END OF MODULE INFORMATION.


C51 COMPILATION COMPLETE.  1 WARNING(S),  0 ERROR(S)
