C51 COMPILER V9.57.0.0   DIGTUBE                                                           04/03/2020 16:55:46 PAGE 1   


C51 COMPILER V9.57.0.0, COMPILATION OF MODULE DIGTUBE
OBJECT MODULE PLACED IN .\Objects\DigTube.obj
COMPILER INVOKED BY: C:\Keil_v5\C51\BIN\C51.EXE DigTube.c OPTIMIZE(8,SPEED) BROWSE DEBUG OBJECTEXTEND PRINT(.\Listings\D
                    -igTube.lst) OBJECT(.\Objects\DigTube.obj)

line level    source

   1          #include <STC12C5A60S2.H>
   2          sbit AddrA = P1^0;
   3          sbit AddrB = P1^1;
   4          sbit AddrC = P1^2;
   5          extern unsigned int ReadADValue(unsigned char cmd);
   6          
   7          unsigned char k = 0;
   8          unsigned char j = 0;
   9          unsigned int Volt;
  10          unsigned char code LedChar[]={
  11                  0x3f,0x06,0x5b,0x4f,
  12              0x66,0x6d,0x7d,0x07,
  13              0x7f,0x6f,0x77,0x7c,
  14              0x39,0x5e,0x79,0x71
  15                  };
  16          
  17          void Timer1Init(void)           //2毫秒@32MHz
  18          {
  19   1              AUXR &= 0xBF;           //定时器时钟12T模式
  20   1              TMOD &= 0x0F;           //设置定时器模式
  21   1              TMOD |= 0x10;           //设置定时器模式
  22   1              TL1 = 0x2B;             //设置定时初值
  23   1              TH1 = 0xEB;             //设置定时初值
  24   1              TF1 = 0;                //清除TF1标志
  25   1              TR1 = 1;                //定时器1开始计时
  26   1              ET1 = 1;
  27   1      }
  28          
  29          void DigDisplay()
  30          {
  31   1              if(j==50)
  32   1              {
  33   2                      Volt = ReadADValue(0x94); 
  34   2                      Volt = Volt*5/4.096;                                    //      AD值转电压值（AD值为0-4096）
  35   2                      j = 0;
  36   2              }
  37   1              P2 = 0x00;
  38   1              switch(k)
  39   1              {
  40   2                      case 0:AddrA = 1;AddrB = 1;AddrC = 1;P2 = LedChar[Volt%10];k++;break;
  41   2                      case 1:AddrA = 0;AddrB = 1;AddrC = 1;P2 = LedChar[Volt%100/10];k++;break;
  42   2                      case 2:AddrA = 1;AddrB = 0;AddrC = 1;P2 = LedChar[Volt%1000/100];k++;break;
  43   2                      case 3:AddrA = 0;AddrB = 0;AddrC = 1;P2 = (LedChar[Volt/1000] | 0x80);k=0;break; //加上小数点
  44   2                      default:break;
  45   2              }
  46   1              
  47   1      }
  48          
  49          void interruptLED() interrupt 3
  50          {
  51   1              TL1 = 0x2B;
  52   1              TH1 = 0xEB;
  53   1          P0 = 0x00;
  54   1          DigDisplay();
C51 COMPILER V9.57.0.0   DIGTUBE                                                           04/03/2020 16:55:46 PAGE 2   

  55   1              j++;
  56   1      }


MODULE INFORMATION:   STATIC OVERLAYABLE
   CODE SIZE        =    314    ----
   CONSTANT SIZE    =     16    ----
   XDATA SIZE       =   ----    ----
   PDATA SIZE       =   ----    ----
   DATA SIZE        =      4    ----
   IDATA SIZE       =   ----    ----
   BIT SIZE         =   ----    ----
END OF MODULE INFORMATION.


C51 COMPILATION COMPLETE.  0 WARNING(S),  0 ERROR(S)
