C51 COMPILER V9.57.0.0   KEYBOARD                                                          03/18/2020 21:28:11 PAGE 1   


C51 COMPILER V9.57.0.0, COMPILATION OF MODULE KEYBOARD
OBJECT MODULE PLACED IN .\Objects\Keyboard.obj
COMPILER INVOKED BY: C:\Keil_v5\C51\BIN\C51.EXE Keyboard.c OPTIMIZE(8,SPEED) BROWSE DEBUG OBJECTEXTEND PRINT(.\Listings\
                    -Keyboard.lst) OBJECT(.\Objects\Keyboard.obj)

line level    source

   1          #include <STC12C5A60S2.H>
   2          sbit B1 = P3^4;
   3          sbit B2 = P3^5;
   4          sbit B3 = P3^6;
   5          sbit B4 = P3^7;
   6          extern char Interface;
   7          extern unsigned char Alarm[3];
   8          unsigned char times = 0;
   9          void Setting()
  10          {
  11   1              
  12   1      }
  13          
  14          void EXTInterrupt0() interrupt 0
  15          {
  16   1              if(B1 == 0)
  17   1              {
  18   2                      Interface = 'B';
  19   2              }
  20   1              if(B2 == 0)
  21   1              {
  22   2                      times++;
  23   2                      //if(times == 6)
  24   2              }
  25   1      }


MODULE INFORMATION:   STATIC OVERLAYABLE
   CODE SIZE        =     13    ----
   CONSTANT SIZE    =   ----    ----
   XDATA SIZE       =   ----    ----
   PDATA SIZE       =   ----    ----
   DATA SIZE        =      1    ----
   IDATA SIZE       =   ----    ----
   BIT SIZE         =   ----    ----
END OF MODULE INFORMATION.


C51 COMPILATION COMPLETE.  0 WARNING(S),  0 ERROR(S)
