BL51 BANKED LINKER/LOCATER V6.22.2.0                                                    03/09/2020  22:51:39  PAGE 1


BL51 BANKED LINKER/LOCATER V6.22.2.0, INVOKED BY:
C:\KEIL_V5\C51\BIN\BL51.EXE .\Objects\main.obj, .\Objects\clock.obj, .\Objects\LCD1602.obj, .\Objects\Uart.obj, .\Object
>> s\DigTube.obj, .\Objects\Keyboard.obj TO .\Objects\test PRINT (.\Listings\test.m51) RAMSIZE (256)


MEMORY MODEL: SMALL


INPUT MODULES INCLUDED:
  .\Objects\main.obj (MAIN)
  .\Objects\clock.obj (CLOCK)
  .\Objects\LCD1602.obj (LCD1602)
  .\Objects\Uart.obj (UART)
  .\Objects\DigTube.obj (DIGTUBE)
  .\Objects\Keyboard.obj (KEYBOARD)
  C:\KEIL_V5\C51\LIB\C51S.LIB (?C_STARTUP)
  C:\KEIL_V5\C51\LIB\C51S.LIB (?C?CLDPTR)
  C:\KEIL_V5\C51\LIB\C51S.LIB (?C?CSTOPTR)
  C:\KEIL_V5\C51\LIB\C51S.LIB (?C?STRCMP)
  C:\KEIL_V5\C51\LIB\C51S.LIB (?C_INIT)


LINK MAP OF MODULE:  .\Objects\test (MAIN)


            TYPE    BASE      LENGTH    RELOCATION   SEGMENT NAME
            -----------------------------------------------------

            * * * * * * *   D A T A   M E M O R Y   * * * * * * *
            REG     0000H     0008H     ABSOLUTE     "REG BANK 0"
            DATA    0008H     0009H     UNIT         _DATA_GROUP_
            DATA    0011H     0005H     UNIT         ?DT?CLOCK
            DATA    0016H     0001H     UNIT         ?DT?DIGTUBE
                    0017H     0009H                  *** GAP ***
            BIT     0020H.0   0000H.1   UNIT         ?BI?UART
                    0020H.1   0000H.7                *** GAP ***
            DATA    0021H     004DH     UNIT         ?DT?UART
            IDATA   006EH     0001H     UNIT         ?STACK

            * * * * * * *   C O D E   M E M O R Y   * * * * * * *
            CODE    0000H     0003H     ABSOLUTE     
                    0003H     0008H                  *** GAP ***
            CODE    000BH     0003H     ABSOLUTE     
                    000EH     000DH                  *** GAP ***
            CODE    001BH     0003H     ABSOLUTE     
                    001EH     0005H                  *** GAP ***
            CODE    0023H     0003H     ABSOLUTE     
                    0026H     07DAH                  *** GAP ***
            CODE    0800H     01D6H     UNIT         ?C?LIB_CODE
            CODE    09D6H     0092H     UNIT         ?PR?INTERRUPTLED?DIGTUBE
            CODE    0A68H     008CH     UNIT         ?C_C51STARTUP
            CODE    0AF4H     006AH     UNIT         ?PR?UARTINTERRUPT?UART
            CODE    0B5EH     0048H     UNIT         ?CO?UART
            CODE    0BA6H     0045H     UNIT         ?C_INITSEG
            CODE    0BEBH     0042H     UNIT         ?PR?_UARTRECSTRING?UART
            CODE    0C2DH     0041H     UNIT         ?PR?TIMER0INTERRUPT?CLOCK
            CODE    0C6EH     0028H     UNIT         ?PR?_LCDSHOWSTR?LCD1602
            CODE    0C96H     0028H     UNIT         ?PR?_UARTSENTSTRING?UART
BL51 BANKED LINKER/LOCATER V6.22.2.0                                                  03/09/2020  22:51:39  PAGE 2


            CODE    0CBEH     0024H     UNIT         ?PR?MAIN?MAIN
            CODE    0CE2H     0024H     UNIT         ?CO?MAIN
            CODE    0D06H     0016H     UNIT         ?PR?TIMER1INIT?DIGTUBE
            CODE    0D1CH     0015H     UNIT         ?PR?LCDWAITREADY?LCD1602
            CODE    0D31H     0015H     UNIT         ?PR?UARTINIT?UART
            CODE    0D46H     0014H     UNIT         ?PR?LCDINIT?LCD1602
            CODE    0D5AH     0013H     UNIT         ?PR?CLOCKINIT?CLOCK
            CODE    0D6DH     0013H     UNIT         ?PR?_LCDWRITECMD?LCD1602
            CODE    0D80H     0013H     UNIT         ?PR?_LCDWRITEDAT?LCD1602
            CODE    0D93H     0012H     UNIT         ?PR?_LCDSETCURSOR?LCD1602
            CODE    0DA5H     0010H     UNIT         ?CO?DIGTUBE
            CODE    0DB5H     0009H     UNIT         ?PR?LCDDELAY?LCD1602



OVERLAY MAP OF MODULE:   .\Objects\test (MAIN)


SEGMENT                             DATA_GROUP 
  +--> CALLED SEGMENT             START    LENGTH
-------------------------------------------------
?PR?UARTINTERRUPT?UART            0008H    0001H
  +--> ?PR?_UARTRECSTRING?UART
  +--> ?CO?UART
  +--> ?PR?_UARTSENTSTRING?UART

?PR?_UARTRECSTRING?UART           0009H    0005H

?PR?_UARTSENTSTRING?UART          000EH    0003H

*** NEW ROOT ***************************************************

?PR?INTERRUPTLED?DIGTUBE          -----    -----
  +--> ?CO?DIGTUBE

*** NEW ROOT ***************************************************

?C_C51STARTUP                     -----    -----
  +--> ?PR?MAIN?MAIN
  +--> ?C_INITSEG

?PR?MAIN?MAIN                     -----    -----
  +--> ?PR?UARTINIT?UART
  +--> ?PR?LCDINIT?LCD1602
  +--> ?PR?CLOCKINIT?CLOCK
  +--> ?CO?MAIN
  +--> ?PR?_LCDSHOWSTR?LCD1602
  +--> ?PR?_UARTSENTSTRING?UART

?PR?LCDINIT?LCD1602               -----    -----
  +--> ?PR?_LCDWRITECMD?LCD1602

?PR?_LCDWRITECMD?LCD1602          -----    -----
  +--> ?PR?LCDWAITREADY?LCD1602
  +--> ?PR?LCDDELAY?LCD1602

?PR?LCDWAITREADY?LCD1602          -----    -----
BL51 BANKED LINKER/LOCATER V6.22.2.0                                                  03/09/2020  22:51:39  PAGE 3


  +--> ?PR?LCDDELAY?LCD1602

?PR?_LCDSHOWSTR?LCD1602           000EH    0003H
  +--> ?PR?_LCDSETCURSOR?LCD1602
  +--> ?PR?_LCDWRITEDAT?LCD1602

?PR?_LCDSETCURSOR?LCD1602         -----    -----
  +--> ?PR?_LCDWRITECMD?LCD1602

?PR?_LCDWRITEDAT?LCD1602          -----    -----
  +--> ?PR?LCDWAITREADY?LCD1602
  +--> ?PR?LCDDELAY?LCD1602



SYMBOL TABLE OF MODULE:  .\Objects\test (MAIN)

  VALUE           TYPE          NAME
  ----------------------------------

  -------         MODULE        MAIN
  C:0000H         SYMBOL        _ICE_DUMMY_
  D:0080H         PUBLIC        P0
  D:0090H         PUBLIC        P1
  D:00A0H         PUBLIC        P2
  D:00B0H         PUBLIC        P3
  D:00C0H         PUBLIC        P4
  D:00C8H         PUBLIC        P5
  B:00A8H.7       PUBLIC        EA
  D:00A8H         PUBLIC        IE
  D:00B8H         PUBLIC        IP
  B:0098H.1       PUBLIC        TI
  D:00D8H         PUBLIC        CCON
  C:0CBEH         PUBLIC        main
  D:0098H         PUBLIC        SCON
  D:0088H         PUBLIC        TCON
  D:00D0H         PUBLIC        PSW
  -------         PROC          MAIN
  C:0CBEH         LINE#         7
  C:0CBEH         LINE#         8
  C:0CBEH         LINE#         9
  C:0CC1H         LINE#         10
  C:0CC4H         LINE#         11
  C:0CC7H         LINE#         12
  C:0CC9H         LINE#         13
  C:0CCBH         LINE#         14
  C:0CD7H         LINE#         15
  C:0CE0H         LINE#         17
  -------         ENDPROC       MAIN
  -------         ENDMOD        MAIN

  -------         MODULE        CLOCK
  C:0000H         SYMBOL        _ICE_DUMMY_
  D:0080H         PUBLIC        P0
  D:0090H         PUBLIC        P1
  D:00A0H         PUBLIC        P2
  D:00B0H         PUBLIC        P3
BL51 BANKED LINKER/LOCATER V6.22.2.0                                                  03/09/2020  22:51:39  PAGE 4


  D:00C0H         PUBLIC        P4
  D:00C8H         PUBLIC        P5
  C:0D5AH         PUBLIC        ClockInit
  C:0C2DH         PUBLIC        Timer0Interrupt
  D:00A8H         PUBLIC        IE
  D:0011H         PUBLIC        Time
  D:00B8H         PUBLIC        IP
  D:00D8H         PUBLIC        CCON
  D:0098H         PUBLIC        SCON
  D:0089H         PUBLIC        TMOD
  D:0088H         PUBLIC        TCON
  B:00A8H.1       PUBLIC        ET0
  B:0088H.5       PUBLIC        TF0
  D:008CH         PUBLIC        TH0
  D:008AH         PUBLIC        TL0
  B:0088H.4       PUBLIC        TR0
  D:0014H         PUBLIC        i
  D:00D0H         PUBLIC        PSW
  -------         PROC          CLOCKINIT
  C:0D5AH         LINE#         5
  C:0D5AH         LINE#         6
  C:0D5AH         LINE#         7
  C:0D5DH         LINE#         8
  C:0D60H         LINE#         9
  C:0D63H         LINE#         10
  C:0D66H         LINE#         11
  C:0D68H         LINE#         12
  C:0D6AH         LINE#         13
  C:0D6CH         LINE#         14
  -------         ENDPROC       CLOCKINIT
  -------         PROC          TIMER0INTERRUPT
  C:0C2DH         LINE#         16
  C:0C31H         LINE#         18
  C:0C39H         LINE#         19
  C:0C3CH         LINE#         20
  C:0C3FH         LINE#         21
  C:0C41H         LINE#         22
  C:0C49H         LINE#         23
  C:0C49H         LINE#         24
  C:0C4BH         LINE#         25
  C:0C4FH         LINE#         26
  C:0C54H         LINE#         27
  C:0C54H         LINE#         28
  C:0C56H         LINE#         29
  C:0C59H         LINE#         30
  C:0C5CH         LINE#         31
  C:0C5CH         LINE#         32
  C:0C5EH         LINE#         33
  C:0C61H         LINE#         34
  C:0C66H         LINE#         35
  C:0C66H         LINE#         36
  C:0C69H         LINE#         37
  C:0C69H         LINE#         38
  C:0C69H         LINE#         39
  C:0C69H         LINE#         40
  C:0C69H         LINE#         41
  -------         ENDPROC       TIMER0INTERRUPT
BL51 BANKED LINKER/LOCATER V6.22.2.0                                                  03/09/2020  22:51:39  PAGE 5


  -------         ENDMOD        CLOCK

  -------         MODULE        LCD1602
  C:0000H         SYMBOL        _ICE_DUMMY_
  D:0080H         PUBLIC        P0
  D:0090H         PUBLIC        P1
  D:00A0H         PUBLIC        P2
  D:00B0H         PUBLIC        P3
  D:00C0H         PUBLIC        P4
  C:0D93H         PUBLIC        _LCDSetCursor
  D:00C8H         PUBLIC        P5
  D:00A8H         PUBLIC        IE
  D:00B8H         PUBLIC        IP
  D:00D8H         PUBLIC        CCON
  C:0C6EH         PUBLIC        _LCDShowStr
  D:0098H         PUBLIC        SCON
  D:0088H         PUBLIC        TCON
  C:0DB5H         PUBLIC        LCDDelay
  B:00A0H.7       PUBLIC        LCD_EN
  B:00A0H.6       PUBLIC        LCD_RS
  B:00A0H.5       PUBLIC        LCD_WR
  C:0D1CH         PUBLIC        LCDWaitReady
  C:0D46H         PUBLIC        LCDInit
  C:0D6DH         PUBLIC        _LCDWriteCmd
  D:00D0H         PUBLIC        PSW
  C:0D80H         PUBLIC        _LCDWriteDat
  -------         PROC          LCDDELAY
  C:0DB5H         LINE#         16
  C:0DB5H         LINE#         17
  C:0DB5H         LINE#         18
  C:0DBDH         LINE#         19
  -------         ENDPROC       LCDDELAY
  -------         PROC          LCDINIT
  C:0D46H         LINE#         21
  C:0D46H         LINE#         22
  C:0D46H         LINE#         23
  C:0D4BH         LINE#         24
  C:0D50H         LINE#         25
  C:0D55H         LINE#         26
  -------         ENDPROC       LCDINIT
  -------         PROC          LCDWAITREADY
  -------         DO            
  D:0007H         SYMBOL        sta
  -------         ENDDO         
  C:0D1CH         LINE#         29
  C:0D1CH         LINE#         30
  C:0D1CH         LINE#         32
  C:0D1FH         LINE#         33
  C:0D21H         LINE#         34
  C:0D23H         LINE#         36
  C:0D23H         LINE#         37
  C:0D25H         LINE#         38
  C:0D27H         LINE#         39
  C:0D2AH         LINE#         40
  C:0D2CH         LINE#         41
  C:0D30H         LINE#         42
  -------         ENDPROC       LCDWAITREADY
BL51 BANKED LINKER/LOCATER V6.22.2.0                                                  03/09/2020  22:51:39  PAGE 6


  -------         PROC          _LCDWRITECMD
  D:0006H         SYMBOL        cmd
  C:0D6DH         LINE#         44
  C:0D6FH         LINE#         45
  C:0D6FH         LINE#         46
  C:0D72H         LINE#         47
  C:0D74H         LINE#         48
  C:0D76H         LINE#         49
  C:0D78H         LINE#         50
  C:0D7BH         LINE#         51
  C:0D7DH         LINE#         52
  C:0D7FH         LINE#         53
  -------         ENDPROC       _LCDWRITECMD
  -------         PROC          _LCDWRITEDAT
  D:0006H         SYMBOL        dat
  C:0D80H         LINE#         55
  C:0D82H         LINE#         56
  C:0D82H         LINE#         57
  C:0D85H         LINE#         58
  C:0D87H         LINE#         59
  C:0D89H         LINE#         60
  C:0D8BH         LINE#         61
  C:0D8EH         LINE#         62
  C:0D90H         LINE#         63
  C:0D92H         LINE#         64
  -------         ENDPROC       _LCDWRITEDAT
  -------         PROC          _LCDSETCURSOR
  D:0007H         SYMBOL        x
  D:0005H         SYMBOL        y
  -------         DO            
  D:0004H         SYMBOL        addr
  -------         ENDDO         
  C:0D93H         LINE#         66
  C:0D93H         LINE#         67
  C:0D93H         LINE#         69
  C:0D96H         LINE#         70
  C:0D9AH         LINE#         72
  C:0D9EH         LINE#         73
  -------         ENDPROC       _LCDSETCURSOR
  -------         PROC          _LCDSHOWSTR
  D:0007H         SYMBOL        x
  D:0005H         SYMBOL        y
  D:000EH         SYMBOL        str
  C:0C6EH         LINE#         76
  C:0C74H         LINE#         77
  C:0C74H         LINE#         78
  C:0C77H         LINE#         79
  C:0C82H         LINE#         80
  C:0C82H         LINE#         81
  C:0C93H         LINE#         82
  C:0C95H         LINE#         83
  -------         ENDPROC       _LCDSHOWSTR
  -------         ENDMOD        LCD1602

  -------         MODULE        UART
  C:0000H         SYMBOL        _ICE_DUMMY_
  D:0080H         PUBLIC        P0
BL51 BANKED LINKER/LOCATER V6.22.2.0                                                  03/09/2020  22:51:39  PAGE 7


  D:0090H         PUBLIC        P1
  D:00A0H         PUBLIC        P2
  D:00B0H         PUBLIC        P3
  D:00C0H         PUBLIC        P4
  D:00C8H         PUBLIC        P5
  D:00A8H         PUBLIC        IE
  D:0021H         PUBLIC        Input
  D:003FH         PUBLIC        Output
  B:00A8H.4       PUBLIC        ES
  D:00B8H         PUBLIC        IP
  B:0098H.0       PUBLIC        RI
  B:0020H.0       PUBLIC        flag
  B:0098H.1       PUBLIC        TI
  D:00D8H         PUBLIC        CCON
  D:0099H         PUBLIC        SBUF
  D:0087H         PUBLIC        PCON
  D:0098H         PUBLIC        SCON
  C:0D31H         PUBLIC        UartInit
  D:0088H         PUBLIC        TCON
  C:0BEBH         PUBLIC        _UartRecString
  C:0C96H         PUBLIC        _UartSentString
  D:0067H         PUBLIC        step
  D:008EH         PUBLIC        AUXR
  D:0068H         PUBLIC        Password
  D:009CH         PUBLIC        BRT
  C:0AF4H         PUBLIC        UartInterrupt
  D:00D0H         PUBLIC        PSW
  -------         PROC          UARTINIT
  C:0D31H         LINE#         8
  C:0D31H         LINE#         9
  C:0D31H         LINE#         10
  C:0D34H         LINE#         11
  C:0D37H         LINE#         12
  C:0D3AH         LINE#         13
  C:0D3DH         LINE#         14
  C:0D40H         LINE#         15
  C:0D43H         LINE#         16
  C:0D45H         LINE#         17
  -------         ENDPROC       UARTINIT
  -------         PROC          _UARTRECSTRING
  D:0009H         SYMBOL        Input
  -------         DO            
  D:0007H         SYMBOL        length
  D:000CH         SYMBOL        TimeOut
  -------         ENDDO         
  C:0BEBH         LINE#         19
  C:0BF1H         LINE#         20
  C:0BF1H         LINE#         21
  C:0BF3H         LINE#         22
  C:0BF9H         LINE#         23
  C:0C06H         LINE#         24
  C:0C06H         LINE#         25
  C:0C09H         LINE#         26
  C:0C09H         LINE#         27
  C:0C0BH         LINE#         28
  C:0C1BH         LINE#         29
  C:0C1CH         LINE#         30
BL51 BANKED LINKER/LOCATER V6.22.2.0                                                  03/09/2020  22:51:39  PAGE 8


  C:0C1CH         LINE#         31
  C:0C1EH         LINE#         32
  -------         ENDPROC       _UARTRECSTRING
  -------         PROC          _UARTSENTSTRING
  D:000EH         SYMBOL        str
  C:0C96H         LINE#         34
  C:0C9CH         LINE#         35
  C:0C9CH         LINE#         36
  C:0CA7H         LINE#         37
  C:0CA7H         LINE#         38
  C:0CB6H         LINE#         39
  C:0CB9H         LINE#         40
  C:0CBBH         LINE#         41
  C:0CBDH         LINE#         42
  -------         ENDPROC       _UARTSENTSTRING
  -------         PROC          UARTINTERRUPT
  -------         DO            
  D:0008H         SYMBOL        i
  -------         ENDDO         
  C:0AF4H         LINE#         43
  C:0B11H         LINE#         45
  C:0B14H         LINE#         46
  C:0B1DH         LINE#         47
  C:0B31H         LINE#         48
  C:0B31H         LINE#         49
  C:0B38H         LINE#         50
  C:0B3AH         LINE#         51
  C:0B3CH         LINE#         53
  C:0B3CH         LINE#         54
  C:0B43H         LINE#         55
  C:0B43H         LINE#         56
  -------         ENDPROC       UARTINTERRUPT
  -------         ENDMOD        UART

  -------         MODULE        DIGTUBE
  C:0000H         SYMBOL        _ICE_DUMMY_
  D:0080H         PUBLIC        P0
  D:0090H         PUBLIC        P1
  D:00A0H         PUBLIC        P2
  D:00B0H         PUBLIC        P3
  D:00C0H         PUBLIC        P4
  D:00C8H         PUBLIC        P5
  D:00A8H         PUBLIC        IE
  C:0DA5H         PUBLIC        LedChar
  D:00B8H         PUBLIC        IP
  D:00D8H         PUBLIC        CCON
  D:0098H         PUBLIC        SCON
  D:0089H         PUBLIC        TMOD
  D:0088H         PUBLIC        TCON
  B:00A0H.2       PUBLIC        AddrA
  B:00A0H.3       PUBLIC        AddrB
  B:00A0H.4       PUBLIC        AddrC
  D:008EH         PUBLIC        AUXR
  C:09D6H         PUBLIC        interruptLED
  B:00A8H.3       PUBLIC        ET1
  B:0088H.7       PUBLIC        TF1
  C:0D06H         PUBLIC        Timer1Init
BL51 BANKED LINKER/LOCATER V6.22.2.0                                                  03/09/2020  22:51:39  PAGE 9


  D:008DH         PUBLIC        TH1
  D:008BH         PUBLIC        TL1
  B:0088H.6       PUBLIC        TR1
  D:0016H         PUBLIC        j
  D:00D0H         PUBLIC        PSW
  -------         PROC          TIMER1INIT
  C:0D06H         LINE#         13
  C:0D06H         LINE#         14
  C:0D06H         LINE#         15
  C:0D09H         LINE#         16
  C:0D0CH         LINE#         17
  C:0D0FH         LINE#         18
  C:0D12H         LINE#         19
  C:0D15H         LINE#         20
  C:0D17H         LINE#         21
  C:0D19H         LINE#         22
  C:0D1BH         LINE#         23
  -------         ENDPROC       TIMER1INIT
  -------         PROC          INTERRUPTLED
  C:09D6H         LINE#         25
  C:09E3H         LINE#         27
  C:09E6H         LINE#         28
  C:09E9H         LINE#         29
  C:09EBH         LINE#         30
  C:09EEH         LINE#         31
  C:0A14H         LINE#         32
  C:0A14H         LINE#         33
  C:0A18H         LINE#         34
  C:0A1EH         LINE#         35
  C:0A24H         LINE#         36
  C:0A2CH         LINE#         37
  C:0A34H         LINE#         38
  C:0A3CH         LINE#         39
  C:0A4DH         LINE#         40
  C:0A5DH         LINE#         41
  C:0A5DH         LINE#         42
  C:0A5DH         LINE#         43
  -------         ENDPROC       INTERRUPTLED
  -------         ENDMOD        DIGTUBE

  -------         MODULE        KEYBOARD
  C:0000H         SYMBOL        _ICE_DUMMY_
  -------         ENDMOD        KEYBOARD

  -------         MODULE        ?C?CLDPTR
  C:0800H         PUBLIC        ?C?CLDPTR
  -------         ENDMOD        ?C?CLDPTR

  -------         MODULE        ?C?CSTOPTR
  C:0819H         PUBLIC        ?C?CSTOPTR
  -------         ENDMOD        ?C?CSTOPTR

  -------         MODULE        ?C?STRCMP
  C:09B9H         PUBLIC        ?C?STRCMP
  -------         ENDMOD        ?C?STRCMP

*** WARNING L16: UNCALLED SEGMENT, IGNORED FOR OVERLAY PROCESS
BL51 BANKED LINKER/LOCATER V6.22.2.0                                                  03/09/2020  22:51:39  PAGE 10


    SEGMENT: ?PR?TIMER1INIT?DIGTUBE

*** WARNING L15: MULTIPLE CALL TO SEGMENT
    SEGMENT: ?PR?_UARTSENTSTRING?UART
    CALLER1: ?PR?UARTINTERRUPT?UART
    CALLER2: ?C_C51STARTUP

******************************************************************************
* RESTRICTED VERSION WITH 0800H BYTE CODE SIZE LIMIT; USED: 0364H BYTE (42%) *
******************************************************************************

Program Size: data=101.1 xdata=0 code=1482
LINK/LOCATE RUN COMPLETE.  2 WARNING(S),  0 ERROR(S)
