C51 COMPILER V9.57.0.0   UART                                                              03/11/2020 12:09:51 PAGE 1   


C51 COMPILER V9.57.0.0, COMPILATION OF MODULE UART
OBJECT MODULE PLACED IN .\Objects\Uart.obj
COMPILER INVOKED BY: C:\Keil_v5\C51\BIN\C51.EXE Uart.c OPTIMIZE(8,SPEED) BROWSE DEBUG OBJECTEXTEND PRINT(.\Listings\Uart
                    -.lst) OBJECT(.\Objects\Uart.obj)

line level    source

   1          #include <STC12C5A60S2.H>
   2          #include <string.h>
   3          char Output[40]={"Please input password!"};
   4          char Input[30];
   5          char Password[6]={1,2,3,4,5,6};
   6          unsigned char step = 0;
   7          bit flag = 0;
   8          void UartInit(void)             //9600bps@32MHz
   9          {
  10   1              PCON |= 0x80;           //使能波特率倍速位SMOD
  11   1              SCON = 0x50;            //8位数据,可变波特率
  12   1              AUXR |= 0x04;           //独立波特率发生器时钟为Fosc,即1T
  13   1              BRT = 0x30;             //设定独立波特率发生器重装值
  14   1              AUXR |= 0x01;           //串口1选择独立波特率发生器为波特率发生器
  15   1              AUXR |= 0x10;           //启动独立波特率发生器
  16   1              ES = 1;
  17   1      }
  18          
  19          void UartRecString(char Input[])
  20          {
  21   1              unsigned char length = 0;
  22   1              unsigned int TimeOut = 100000;
  23   1              while(TimeOut--)
  24   1              {
  25   2                      if(RI != 0)
  26   2                      {
  27   3                              RI = 0;
  28   3                              Input[length] = SBUF;
  29   3                              length++;
  30   3                      }
  31   2              }
  32   1              Input[length] = '\0';
  33   1      }
  34          void UartSentString(char *str)
  35          {
  36   1              ES = 0;
  37   1              while(*str!='\0')
  38   1              {
  39   2                      SBUF = *str++;
  40   2                      while(!TI);
  41   2                      TI = 0;
  42   2              }
  43   1              ES = 1;
  44   1      }
  45          void UartInterrupt() interrupt 4
  46          {
  47   1              unsigned char i = 0;
  48   1              unsigned char a = 1;
  49   1              UartRecString(Input);
  50   1              if(step == 0)
  51   1              {
  52   2                      a = strcmp("123456",Input);
  53   2                      step++;
  54   2              }
C51 COMPILER V9.57.0.0   UART                                                              03/11/2020 12:09:51 PAGE 2   

  55   1              if(a == 0)
  56   1              {
  57   2                      UartSentString("Welcome to you!\r\n");
  58   2                      flag = 1;
  59   2              }
  60   1              if(a != 0 && flag != 1)
  61   1              {
  62   2                      UartSentString("The password is error! Please input again!\r\n");
  63   2              }
  64   1              
  65   1              
  66   1      }


MODULE INFORMATION:   STATIC OVERLAYABLE
   CODE SIZE        =    252    ----
   CONSTANT SIZE    =     70    ----
   XDATA SIZE       =   ----    ----
   PDATA SIZE       =   ----    ----
   DATA SIZE        =     77       9
   IDATA SIZE       =   ----    ----
   BIT SIZE         =      1    ----
END OF MODULE INFORMATION.


C51 COMPILATION COMPLETE.  0 WARNING(S),  0 ERROR(S)
